../Drivers/Astrocast/astronode_application.c:97:6:astronode_send_cfg_fr	408	static
../Drivers/Astrocast/astronode_application.c:117:6:astronode_send_cfg_rr	504	static
../Drivers/Astrocast/astronode_application.c:229:6:astronode_send_cfg_sr	408	static
../Drivers/Astrocast/astronode_application.c:248:6:astronode_send_cfg_wr	424	static
../Drivers/Astrocast/astronode_application.c:287:6:astronode_send_ctx_sr	408	static
../Drivers/Astrocast/astronode_application.c:306:6:astronode_send_mgi_rr	440	dynamic
../Drivers/Astrocast/astronode_application.c:329:6:astronode_send_msn_rr	440	dynamic
../Drivers/Astrocast/astronode_application.c:352:6:astronode_send_nco_rr	496	static
../Drivers/Astrocast/astronode_application.c:378:6:astronode_send_evt_rr	408	static
../Drivers/Astrocast/astronode_application.c:414:6:astronode_send_geo_wr	416	static
../Drivers/Astrocast/astronode_application.c:444:6:astronode_send_pld_dr	488	static
../Drivers/Astrocast/astronode_application.c:467:6:astronode_send_pld_er	416	static
../Drivers/Astrocast/astronode_application.c:493:6:astronode_send_pld_fr	408	static
../Drivers/Astrocast/astronode_application.c:513:6:astronode_send_res_cr	408	static
../Drivers/Astrocast/astronode_application.c:534:6:astronode_send_rtc_rr	496	static
../Drivers/Astrocast/astronode_application.c:560:6:astronode_send_sak_rr	488	static
../Drivers/Astrocast/astronode_application.c:583:6:astronode_send_sak_cr	408	static
../Drivers/Astrocast/astronode_application.c:604:6:astronode_send_ssc_wr	416	static
../Drivers/Astrocast/astronode_application.c:629:6:astronode_send_wif_wr	424	static
../Drivers/Astrocast/astronode_application.c:658:6:astronode_send_mpn_rr	440	dynamic
../Drivers/Astrocast/astronode_application.c:681:6:append_multiple_data_size_to_string	24	static
../Drivers/Astrocast/astronode_application.c:699:6:astronode_send_per_rr	496	static
../Drivers/Astrocast/astronode_application.c:778:6:astronode_send_per_cr	408	static
../Drivers/Astrocast/astronode_application.c:798:6:astronode_send_mst_rr	496	static
../Drivers/Astrocast/astronode_application.c:847:6:astronode_send_lcd_rr	496	static
../Drivers/Astrocast/astronode_application.c:896:6:astronode_send_end_rr	496	static
../Drivers/Astrocast/astronode_application.c:942:6:astronode_send_cmd_cr	408	static
../Drivers/Astrocast/astronode_application.c:963:6:astronode_send_cmd_rr	528	dynamic
../Drivers/Astrocast/astronode_application.c:1011:6:astronode_send_val_wr	496	static
../Drivers/Astrocast/astronode_application.c:1034:6:astronode_send_adc_rr	496	static
../Drivers/Astrocast/astronode_application.c:1058:6:is_sak_available	4	static
../Drivers/Astrocast/astronode_application.c:1063:6:is_astronode_reset	4	static
../Drivers/Astrocast/astronode_application.c:1068:6:is_command_available	4	static
../Drivers/Astrocast/astronode_application.c:1073:6:is_tx_msg_pending	4	static
