../Core/Src/main.c:88:5:main	24	static
../Core/Src/main.c:188:6:SystemClock_Config	88	static
../Core/Src/main.c:235:13:MX_USART1_UART_Init	8	static
../Core/Src/main.c:283:13:MX_USART2_UART_Init	8	static
../Core/Src/main.c:331:13:MX_GPIO_Init	40	static
../Core/Src/main.c:372:6:send_debug_logs	24	static
../Core/Src/main.c:385:6:reset_astronode	8	static
../Core/Src/main.c:392:6:send_astronode_request	16	static
../Core/Src/main.c:399:10:get_systick	8	static
../Core/Src/main.c:403:6:is_systick_timeout_over	16	static
../Core/Src/main.c:407:6:is_astronode_character_received	16	static
../Core/Src/main.c:411:6:is_evt_pin_high	8	static
../Core/Src/main.c:415:6:is_message_available	4	static
../Core/Src/main.c:433:6:Error_Handler	4	static,ignoring_inline_asm
